cred ok, user= 73070727 ...
sprint/default tip = 66f3f02db
reset ok at 66f3f02db
commit ok: 2fde0ba35
push rc=0
To https://miaoda-git.feishu.cn/apaas4.0/-/t_vkCL6f1I/code_p6iBZnfLI6KD.git
   66f3f02..2fde0ba  HEAD -> sprint/default

release-create rc=0
stdout: {
  "ok": true,
  "identity": "user",
  "data": {
    "release_id": "7686405497201085714",
    "status": "publishing",
    "sync": false
  }
}

stderr: 
release_id = 7686405497201085714
poll#1 status=publishing
poll#2 status=finished
{
  "ok": true,
  "identity": "user",
  "data": {
    "commit_id": "2fde0ba350281d9aef79b898034fc8a9b0bee1de",
    "created_at": "1789630770000",
    "creator": {
      "email": "lanruoming@ztn.com",
      "username": "蓝若铭"
    },
    "error_logs": [],
    "online_url": "https://ztn.larkenterprise.com/page/RgGYm9pJkdaDGKafK8lc5pS1ntf",
    "release_id": "7686405497201085714",
    "status": "finished",
    "updated_at": "1789630786000"
  }
}

DONE
DEPLOY_DONE rc=0
