cred ok, user= 73070727 ...
sprint/default tip = 6ab43a5ea
reset ok at 6ab43a5ea
commit ok: 8853e349f
push rc=0
To https://miaoda-git.feishu.cn/apaas4.0/-/t_vkCL6f1I/code_p6iBZnfLI6KD.git
   6ab43a5..8853e34  HEAD -> sprint/default

release-create rc=0
stdout: {
  "ok": true,
  "identity": "user",
  "data": {
    "release_id": "7687865759372594409",
    "status": "publishing",
    "sync": false
  }
}

stderr: 
release_id = 7687865759372594409
poll#1 status=publishing
poll#2 status=finished
{
  "ok": true,
  "identity": "user",
  "data": {
    "commit_id": "8853e349f7278b1392f0490fa3b57853d2c17634",
    "created_at": "1789970818000",
    "creator": {
      "email": "lanruoming@ztn.com",
      "username": "蓝若铭"
    },
    "error_logs": [],
    "online_url": "https://ztn.larkenterprise.com/page/RgGYm9pJkdaDGKafK8lc5pS1ntf",
    "release_id": "7687865759372594409",
    "status": "finished",
    "updated_at": "1789970836000"
  }
}

DONE
