cred ok, user= 73070727 ...
sprint/default tip = 58ffc7731
reset ok at 58ffc7731
commit ok: db19ec2b2
push rc=0
To https://miaoda-git.feishu.cn/apaas4.0/-/t_vkCL6f1I/code_p6iBZnfLI6KD.git
   58ffc77..db19ec2  HEAD -> sprint/default

release-create rc=0
stdout: {
  "ok": true,
  "identity": "user",
  "data": {
    "release_id": "7686389718095023305",
    "status": "publishing",
    "sync": false
  }
}

stderr: 
release_id = 7686389718095023305
poll#1 status=publishing
poll#2 status=finished
{
  "ok": true,
  "identity": "user",
  "data": {
    "commit_id": "db19ec2b274a22098c5c57ae91564577b797dbe7",
    "created_at": "1789627104000",
    "creator": {
      "email": "lanruoming@ztn.com",
      "username": "蓝若铭"
    },
    "error_logs": [],
    "online_url": "https://ztn.larkenterprise.com/page/RgGYm9pJkdaDGKafK8lc5pS1ntf",
    "release_id": "7686389718095023305",
    "status": "finished",
    "updated_at": "1789627119000"
  }
}

DONE
