cred ok, user= 73070727 ...
sprint/default tip = db19ec2b2
reset ok at db19ec2b2
commit ok: 650722d22
push rc=0
To https://miaoda-git.feishu.cn/apaas4.0/-/t_vkCL6f1I/code_p6iBZnfLI6KD.git
   db19ec2..650722d  HEAD -> sprint/default

release-create rc=0
stdout: {
  "ok": true,
  "identity": "user",
  "data": {
    "release_id": "7686399549505588415",
    "status": "publishing",
    "sync": false
  }
}

stderr: 
release_id = 7686399549505588415
poll#1 status=publishing
poll#2 status=publishing
poll#3 status=finished
{
  "ok": true,
  "identity": "user",
  "data": {
    "commit_id": "650722d22428496cd37ca145ca1f4edaf913ced5",
    "created_at": "1789629396000",
    "creator": {
      "email": "lanruoming@ztn.com",
      "username": "蓝若铭"
    },
    "error_logs": [],
    "online_url": "https://ztn.larkenterprise.com/page/RgGYm9pJkdaDGKafK8lc5pS1ntf",
    "release_id": "7686399549505588415",
    "status": "finished",
    "updated_at": "1789629422000"
  }
}

DONE
DEPLOY_DONE rc=0
