cred ok, user= 73070727 ...
sprint/default tip = 9905886e2
reset ok at 9905886e2
commit ok: e34efb7c3
push rc=0
To https://miaoda-git.feishu.cn/apaas4.0/-/t_vkCL6f1I/code_p6iBZnfLI6KD.git
   9905886..e34efb7  HEAD -> sprint/default

release-create rc=0
stdout: {
  "ok": true,
  "identity": "user",
  "data": {
    "release_id": "7687860401292872987",
    "status": "publishing",
    "sync": false
  }
}

stderr: 
release_id = 7687860401292872987
poll#1 status=publishing
poll#2 status=finished
{
  "ok": true,
  "identity": "user",
  "data": {
    "commit_id": "e34efb7c30df6f943f578e7fe757f15854866c5d",
    "created_at": "1789969537000",
    "creator": {
      "email": "lanruoming@ztn.com",
      "username": "蓝若铭"
    },
    "error_logs": [],
    "online_url": "https://ztn.larkenterprise.com/page/RgGYm9pJkdaDGKafK8lc5pS1ntf",
    "release_id": "7687860401292872987",
    "status": "finished",
    "updated_at": "1789969553000"
  }
}

DONE
