cred ok, user= 73070727 ...
sprint/default tip = 650722d22
reset ok at 650722d22
commit ok: 66f3f02db
push rc=0
To https://miaoda-git.feishu.cn/apaas4.0/-/t_vkCL6f1I/code_p6iBZnfLI6KD.git
   650722d..66f3f02  HEAD -> sprint/default

release-create rc=0
stdout: {
  "ok": true,
  "identity": "user",
  "data": {
    "release_id": "7686401422640516306",
    "status": "publishing",
    "sync": false
  }
}

stderr: 
release_id = 7686401422640516306
poll#1 status=publishing
poll#2 status=finished
{
  "ok": true,
  "identity": "user",
  "data": {
    "commit_id": "66f3f02db47bd77af215393c537bef41d5d6f439",
    "created_at": "1789629861000",
    "creator": {
      "email": "lanruoming@ztn.com",
      "username": "蓝若铭"
    },
    "error_logs": [],
    "online_url": "https://ztn.larkenterprise.com/page/RgGYm9pJkdaDGKafK8lc5pS1ntf",
    "release_id": "7686401422640516306",
    "status": "finished",
    "updated_at": "1789629877000"
  }
}

DONE
DEPLOY_DONE rc=0
