cred ok, user= 73070727 ...
sprint/default tip = 8c94d6324
reset ok at 8c94d6324
commit ok: 0cda43825
push rc=0
To https://miaoda-git.feishu.cn/apaas4.0/-/t_vkCL6f1I/code_p6iBZnfLI6KD.git
   8c94d63..0cda438  HEAD -> sprint/default

release-create rc=0
stdout: {
  "ok": true,
  "identity": "user",
  "data": {
    "release_id": "7686695220658310410",
    "status": "publishing",
    "sync": false
  }
}

stderr: 
release_id = 7686695220658310410
poll#1 status=publishing
poll#2 status=finished
{
  "ok": true,
  "identity": "user",
  "data": {
    "commit_id": "0cda4382599a25efa8ed0cfc0b5fa11866c281b8",
    "created_at": "1789698245000",
    "creator": {
      "email": "lanruoming@ztn.com",
      "username": "蓝若铭"
    },
    "error_logs": [],
    "online_url": "https://ztn.larkenterprise.com/page/RgGYm9pJkdaDGKafK8lc5pS1ntf",
    "release_id": "7686695220658310410",
    "status": "finished",
    "updated_at": "1789698262000"
  }
}

DONE
