C:\Users\zt25337\.workbuddy\binaries\python\envs\default\Lib\site-packages\openpyxl\styles\stylesheet.py:237: UserWarning: Workbook contains no default style, apply openpyxl's default
  warn("Workbook contains no default style, apply openpyxl's default")
C:\Users\zt25337\.workbuddy\binaries\python\envs\default\Lib\site-packages\openpyxl\styles\stylesheet.py:237: UserWarning: Workbook contains no default style, apply openpyxl's default
  warn("Workbook contains no default style, apply openpyxl's default")
C:\Users\zt25337\.workbuddy\binaries\python\envs\default\Lib\site-packages\openpyxl\styles\stylesheet.py:237: UserWarning: Workbook contains no default style, apply openpyxl's default
  warn("Workbook contains no default style, apply openpyxl's default")
C:\Users\zt25337\.workbuddy\binaries\python\envs\default\Lib\site-packages\openpyxl\worksheet\_reader.py:329: UserWarning: Unknown extension is not supported and will be removed
  warn(msg)
C:\Users\zt25337\.workbuddy\binaries\python\envs\default\Lib\site-packages\openpyxl\worksheet\_reader.py:329: UserWarning: Conditional Formatting extension is not supported and will be removed
  warn(msg)
C:\Users\zt25337\.workbuddy\binaries\python\envs\default\Lib\site-packages\openpyxl\styles\stylesheet.py:237: UserWarning: Workbook contains no default style, apply openpyxl's default
  warn("Workbook contains no default style, apply openpyxl's default")
C:\Users\zt25337\.workbuddy\binaries\python\envs\default\Lib\site-packages\openpyxl\styles\stylesheet.py:237: UserWarning: Workbook contains no default style, apply openpyxl's default
  warn("Workbook contains no default style, apply openpyxl's default")
[Top10剔除] 标记为剔除的记录数: 1744 / 7276
Excel 已生成: C:/Users/zt25337/WorkBuddy/2026-08-20-09-25-58/补签流程_补签统计.xlsx
Excel 已追加考勤确认及时性 sheet（大区/区域/仓）
[正式工] 考勤总数=98055 正常=84132 异常=13923 未及时确认=1845 准确率=85.8% 及时确认率=98.1%
HTML 已生成: C:/Users/zt25337/WorkBuddy/2026-08-20-09-25-58/补签流程_补签统计.html
月份: ['2026-05', '2026-06', '2026-07']
日期数: 62
OK
